// Jest Snapshot v1, https://goo.gl/fbAQLP

exports[`Voting renders a pair of buttons 1`] = `
Array [
  <button
    key="Bleach"
    type="button"
  >
    <h1>
      Bleach
    </h1>
  </button>,
  <button
    key="Fairy Tail"
    type="button"
  >
    <h1>
      Fairy Tail
    </h1>
  </button>,
]
`;
